<area shape="rect" href="$a00001.html" title="Abstract baseclass for all algoritm&#45;classes." alt="" coords="625,5,703,29">
<area shape="rect" href="$a00021.html" title="node_map\&lt; int \&gt;" alt="" coords="603,55,725,79">
<area shape="rect" title="gain_value\nnode_weight" alt="" coords="721,68,729,76">
<area shape="rect" title="gain_value\nnode_weight" alt="" coords="935,97,943,105">
<area shape="rect" href="$a00019.html" title="ne_map\&lt; node, int, graph, allocator\&lt; int \&gt; \&gt;" alt="" coords="111,55,393,79">
<area shape="rect" href="$a00021.html" title="node_map\&lt; list\&lt; node \&gt;::iterator \&gt;" alt="" coords="551,103,777,127">
<area shape="rect" title="position_in_bucket" alt="" coords="775,109,783,117">
<area shape="rect" title="position_in_bucket" alt="" coords="935,108,943,116">
<area shape="rect" href="$a00019.html" title="ne_map\&lt; node, list\&lt; node \&gt;::iterator, graph, allocator\&lt; list\&lt; node \&gt;::iterator \&gt; \&gt;" alt="" coords="5,103,499,127">
<area shape="rect" href="$a00011.html" title="edge_map\&lt; int \&gt;" alt="" coords="603,175,725,199">
<area shape="rect" title="aside\nbside\nedge_weight" alt="" coords="721,187,729,195">
<area shape="rect" title="aside\nbside\nedge_weight" alt="" coords="968,121,976,129">
<area shape="rect" href="$a00019.html" title="ne_map\&lt; edge, int, graph, allocator\&lt; int \&gt; \&gt;" alt="" coords="111,175,393,199">
<area shape="rect" href="$a00011.html" title="edge_map\&lt; list\&lt; node \&gt; \&gt;" alt="" coords="575,235,753,259">
<area shape="rect" title="unlockedA\nunlockedB" alt="" coords="749,253,757,261">
<area shape="rect" title="unlockedA\nunlockedB" alt="" coords="977,121,985,129">
<area shape="rect" href="$a00019.html" title="ne_map\&lt; edge, list\&lt; node \&gt;, graph, allocator\&lt; list\&lt; node \&gt; \&gt; \&gt;" alt="" coords="55,235,449,259">
