<area shape="rect" href="$a00008.html" title="Depth&#45;First&#45;Search (DFS) algorithm." alt="" coords="665,119,705,143">
<area shape="rect" href="$a00001.html" title="Abstract baseclass for all algoritm&#45;classes." alt="" coords="401,101,479,125">
<area shape="rect" href="$a00020.html" title="A node in a graph." alt="" coords="415,188,465,212">
<area shape="rect" title="start" alt="" coords="463,188,471,196">
<area shape="rect" title="start" alt="" coords="661,132,669,140">
<area shape="rect" title="int_node" alt="" coords="411,185,419,193">
<area shape="rect" title="int_node" alt="" coords="463,185,471,193">
<area shape="rect" href="$a00021.html" title="node_map\&lt; int \&gt;" alt="" coords="379,237,501,261">
<area shape="rect" title="top_numbers" alt="" coords="497,240,505,248">
<area shape="rect" title="top_numbers" alt="" coords="772,213,780,221">
<area shape="rect" title="comp_number\ndfs_number" alt="" coords="497,235,505,243">
<area shape="rect" title="comp_number\ndfs_number" alt="" coords="673,140,681,148">
<area shape="rect" href="$a00019.html" title="ne_map\&lt; node, int, graph, allocator\&lt; int \&gt; \&gt;" alt="" coords="21,237,304,261">
<area shape="rect" href="$a00011.html" title="edge_map\&lt; int \&gt;" alt="" coords="379,5,501,29">
<area shape="rect" title="used" alt="" coords="497,20,505,28">
<area shape="rect" title="used" alt="" coords="673,115,681,123">
<area shape="rect" href="$a00019.html" title="ne_map\&lt; edge, int, graph, allocator\&lt; int \&gt; \&gt;" alt="" coords="21,5,304,29">
<area shape="rect" href="$a00021.html" title="node_map\&lt; node \&gt;" alt="" coords="371,53,509,77">
<area shape="rect" title="preds" alt="" coords="505,72,513,80">
<area shape="rect" title="preds" alt="" coords="661,116,669,124">
<area shape="rect" href="$a00019.html" title="ne_map\&lt; node, node, graph, allocator\&lt; node \&gt; \&gt;" alt="" coords="5,53,320,77">
